
> frontend@0.1.0 build C:\Users\Ashish\Desktop\projects\medmitra\frontend
> next build --turbopack

node.exe :  ΓÜá Warning: 
Next.js inferred your 
workspace root, but it may 
not be correct.
At 
C:\nvm4w\nodejs\pnpm.ps1:16 
char:5
+     & "$basedir/node$exe" 
 "$basedir/node_modules/pnpm
/bin/pnpm.cjs"  ...
+     ~~~~~~~~~~~~~~~~~~~~~~
~~~~~~~~~~~~~~~~~~~~~~~~~~~~
~~~~~~~~~~~~~~~
    + CategoryInfo          
    : NotSpecified: ( ΓÜá   
  Warning: N...not be cor   
 rect.:String) [], Remot    
eException
    + FullyQualifiedErrorId 
    : NativeCommandError
 
 We detected multiple 
lockfiles and selected the 
directory of C:\Users\Ashish
\pnpm-lock.yaml as the root 
directory.
 To silence this warning, 
set `turbopack.root` in 
your Next.js config, or 
consider removing one of 
the lockfiles if it's not 
needed.
   See https://nextjs.org/do
cs/app/api-reference/config/
next-config-js/turbopack#roo
t-directory for more 
information.
 Detected additional 
lockfiles: 
   * C:\Users\Ashish\Desktop
\projects\medmitra\frontend\
pnpm-lock.yaml

   Γû▓ Next.js 15.5.2 (Turbopack)
   - Environments: .env.local

   Creating an optimized production build ...
 Γ£ô Finished writing to disk in 1052ms
 Γ£ô Compiled successfully in 13.3s
   Linting and checking validity of types ...
Failed to compile.

./app/encounter/[id]/page.ts
x:96:41
Type error: Property 
'full_name' does not exist 
on type '{ _id: string; 
fullName: string; email: 
string; 
medicalRegistrationId: 
string; specialty: string; 
roles: string[]; 
accountStatus: "active" | 
"pending_verification" | 
"suspended"; phoneNumber?: 
string | undefined; ... 7 
more ...; updatedAt: 
string; }'. Did you mean 
'fullName'?

[0m [90m 94 |[39m        
   [36mconst[39m doc 
[33m=[39m doctorResp[33m.
[39mdata[33m.[39mdata[33
m?[39m[33m.[39mdoctor 
[33m||[39m doctorResp[33m
.[39mdata[33m.[39mdata[3
3m;[39m
 [90m 95 |[39m           
setDoctorInfo({
[31m[1m>[22m[39m[90m 
96 |[39m             
name[33m:[39m doc[33m?[3
9m[33m.[39mfullName 
[33m||[39m doc[33m?[39m
[33m.[39mfull_name 
[33m||[39m [32m'Doctor'[
39m[33m,[39m
 [90m    |[39m            
                            
 [31m[1m^[22m[39m
 [90m 97 |[39m            
 qualification[33m:[39m do
c[33m?[39m[33m.[39mquali
fication [33m||[39m doc[3
3m?[39m[33m.[39mqualifica
tions[33m,[39m
 [90m 98 |[39m            
 registration[33m:[39m doc
[33m?[39m[33m.[39mregist
rationNumber [33m||[39m do
c[33m?[39m[33m.[39mregis
tration_number [33m||[39m 
doc[33m?[39m[33m.[39mmed
icalRegistrationId
 [90m 99 |[39m           
})[33m;[39m[0m
Next.js build worker exited 
with code: 1 and signal: 
null
ΓÇëELIFECYCLEΓÇë Command failed with exit code 1.
